Starting oq-zworkerpool on cn03
Writing cn03 2 on /mnt/beegfs/tmp.openquake/naveen.raguramalinga/calc_43/hostcores
[2025-03-02 23:38:54 #43 INFO] naveen.raguramalinga@cn03 running /mnt/beegfs/nragu/tsunami/ML4SicilyTsunami/risk/demos/tsunamiebr/job.ini [--hc=None]
[2025-03-02 23:38:54 #43 INFO] Using engine version 3.24.0-git7d162c3
[2025-03-02 23:38:55 #43 WARNING] Using 2 slurm workers
[2025-03-02 23:38:55 #43 INFO] Checksum of the inputs: 486674586 (total size 45.7 MB)
[2025-03-02 23:38:55 #43 INFO] Reading /mnt/beegfs/nragu/tsunami/ML4SicilyTsunami/risk/demos/tsunamiebr/exposure_model.xml
[2025-03-02 23:38:55 #43 INFO] Read 16_538 assets in 0.05s from /mnt/beegfs/nragu/tsunami/ML4SicilyTsunami/risk/demos/tsunamiebr/building_exposure.csv
[2025-03-02 23:38:55 #43 INFO] Inferred exposure mesh in 0.05 seconds
[2025-03-02 23:38:56 #43 INFO] Associated 9_414 assets (of 16_538) to 9_375 sites (of 579_439)
[2025-03-02 23:38:56 #43 INFO] Found 5 taxonomies with ~1882.8 assets each
[2025-03-02 23:38:56 #43 INFO] The most common taxonomy is RC_LR with 4548 assets
[2025-03-02 23:38:56 #43 INFO] 7124 assets were discarded because too far from the rupture; use `oq show discarded` to show them and `oq plot_assets` to plot them
[2025-03-02 23:38:56 #43 INFO] minimum_asset_loss={'structural': 0}
[2025-03-02 23:38:56 #43 INFO] Storing 1 aggregation keys
[2025-03-02 23:38:56 #43 WARNING] Importing 1 files, 43.19 MB
[2025-03-02 23:38:56 #43 INFO] Storing 10 events, 10 relevant
[2025-03-02 23:38:56 #43 INFO] Storing risk model
[2025-03-02 23:38:56 #43 INFO] There are 0 ruptures and 10 events
[2025-03-02 23:38:56 #43 INFO] Transfering 73.55 KB per core in avg_losses
[2025-03-02 23:38:56 #43 INFO] Reading event weights
[2025-03-02 23:38:56 #43 INFO] maxw = 1_899
[2025-03-02 23:38:59 #43 WARNING] Sent 8 ebr_from_gmfs tasks, 17.8 KB
[2025-03-02 23:39:02 #43 INFO] Received 1 * 133 B in 3 seconds [unpik=0.00s] from ebr_from_gmfs
{'tot': '133 B'}
[2025-03-02 23:39:02 #43 ERROR] Traceback (most recent call last):
  File "/home/naveen.raguramalinga/opt/src/oq-engine/openquake/engine/engine.py", line 208, in run_calc
    calc.run(shutdown=True)
  File "/home/naveen.raguramalinga/opt/src/oq-engine/openquake/calculators/base.py", line 339, in run
    raise exc from None
  File "/home/naveen.raguramalinga/opt/src/oq-engine/openquake/calculators/base.py", line 326, in run
    self.result = self.execute()
                  ^^^^^^^^^^^^^^
  File "/home/naveen.raguramalinga/opt/src/oq-engine/openquake/calculators/event_based_risk.py", line 473, in execute
    smap.reduce(self.agg_dicts)
  File "/home/naveen.raguramalinga/opt/src/oq-engine/openquake/baselib/parallel.py", line 924, in reduce
    return self.submit_all().reduce(agg, acc)
           ^^^^^^^^^^^^^^^^^^^^^^^^^^^^^^^^^^
  File "/home/naveen.raguramalinga/opt/src/oq-engine/openquake/baselib/parallel.py", line 608, in reduce
    for result in self:
  File "/home/naveen.raguramalinga/opt/src/oq-engine/openquake/baselib/parallel.py", line 594, in __iter__
    yield from self._iter()
  File "/home/naveen.raguramalinga/opt/src/oq-engine/openquake/baselib/parallel.py", line 584, in _iter
    out = result.get()
          ^^^^^^^^^^^^
  File "/home/naveen.raguramalinga/opt/src/oq-engine/openquake/baselib/parallel.py", line 412, in get
    raise RuntimeError(msg)  # nicer message
    ^^^^^^^^^^^^^^^^^^^^^^^
RuntimeError: 
  File "/home/naveen.raguramalinga/opt/src/oq-engine/openquake/baselib/parallel.py", line 437, in new
    val = func(*args)
          ^^^^^^^^^^^
  File "/home/naveen.raguramalinga/opt/src/oq-engine/openquake/calculators/event_based_risk.py", line 178, in ebr_from_gmfs
    dset = dstore['gmf_data/' + col]
           ~~~~~~^^^^^^^^^^^^^^^^^^^
  File "/home/naveen.raguramalinga/opt/src/oq-engine/openquake/commonlib/datastore.py", line 504, in __getitem__
    raise KeyError('No %r found in %s' % (key, self))
KeyError: "No 'gmf_data/PGA' found in <DataStore /home/naveen.raguramalinga/oqdata/calc_43.hdf5 open>"

Traceback (most recent call last):
  File "<frozen runpy>", line 198, in _run_module_as_main
  File "<frozen runpy>", line 88, in _run_code
  File "/home/naveen.raguramalinga/opt/src/oq-engine/openquake/engine/engine.py", line 446, in <module>
    run_calc(jobctx)
  File "/home/naveen.raguramalinga/opt/src/oq-engine/openquake/engine/engine.py", line 208, in run_calc
    calc.run(shutdown=True)
  File "/home/naveen.raguramalinga/opt/src/oq-engine/openquake/calculators/base.py", line 339, in run
    raise exc from None
  File "/home/naveen.raguramalinga/opt/src/oq-engine/openquake/calculators/base.py", line 326, in run
    self.result = self.execute()
                  ^^^^^^^^^^^^^^
  File "/home/naveen.raguramalinga/opt/src/oq-engine/openquake/calculators/event_based_risk.py", line 473, in execute
    smap.reduce(self.agg_dicts)
  File "/home/naveen.raguramalinga/opt/src/oq-engine/openquake/baselib/parallel.py", line 924, in reduce
    return self.submit_all().reduce(agg, acc)
           ^^^^^^^^^^^^^^^^^^^^^^^^^^^^^^^^^^
  File "/home/naveen.raguramalinga/opt/src/oq-engine/openquake/baselib/parallel.py", line 608, in reduce
    for result in self:
  File "/home/naveen.raguramalinga/opt/src/oq-engine/openquake/baselib/parallel.py", line 594, in __iter__
    yield from self._iter()
  File "/home/naveen.raguramalinga/opt/src/oq-engine/openquake/baselib/parallel.py", line 584, in _iter
    out = result.get()
          ^^^^^^^^^^^^
  File "/home/naveen.raguramalinga/opt/src/oq-engine/openquake/baselib/parallel.py", line 412, in get
    raise RuntimeError(msg)  # nicer message
    ^^^^^^^^^^^^^^^^^^^^^^^
RuntimeError: 
  File "/home/naveen.raguramalinga/opt/src/oq-engine/openquake/baselib/parallel.py", line 437, in new
    val = func(*args)
          ^^^^^^^^^^^
  File "/home/naveen.raguramalinga/opt/src/oq-engine/openquake/calculators/event_based_risk.py", line 178, in ebr_from_gmfs
    dset = dstore['gmf_data/' + col]
           ~~~~~~^^^^^^^^^^^^^^^^^^^
  File "/home/naveen.raguramalinga/opt/src/oq-engine/openquake/commonlib/datastore.py", line 504, in __getitem__
    raise KeyError('No %r found in %s' % (key, self))
KeyError: "No 'gmf_data/PGA' found in <DataStore /home/naveen.raguramalinga/oqdata/calc_43.hdf5 open>"
WorkerPool on cn03 stopped
stopped ['cn03']
