Starting oq-zworkerpool on cn03
Writing cn03 2 on /mnt/beegfs/tmp.openquake/naveen.raguramalinga/calc_41/hostcores
[2025-03-02 23:20:36 #41 INFO] naveen.raguramalinga@cn03 running /mnt/beegfs/nragu/tsunami/ML4SicilyTsunami/risk/demos/tsunamiebr/job.ini [--hc=None]
[2025-03-02 23:20:36 #41 INFO] Using engine version 3.22.0-gitc856ac0
[2025-03-02 23:20:36 #41 WARNING] Version v3.23.0 of the engine is available, but you are still using version 3.22.0-gitc856ac0
[2025-03-02 23:20:37 #41 WARNING] Using 2 slurm workers
[2025-03-02 23:20:37 #41 INFO] Checksum of the inputs: 486674586 (total size 45.7 MB)
[2025-03-02 23:20:37 #41 INFO] Reading /mnt/beegfs/nragu/tsunami/ML4SicilyTsunami/risk/demos/tsunamiebr/exposure_model.xml
[2025-03-02 23:20:38 #41 INFO] Read 16_538 assets in 0.05s from /mnt/beegfs/nragu/tsunami/ML4SicilyTsunami/risk/demos/tsunamiebr/building_exposure.csv
[2025-03-02 23:20:38 #41 INFO] Inferred exposure mesh in 0.05 seconds
[2025-03-02 23:20:38 #41 INFO] Associated 9_414 assets (of 16_538) to 9_375 sites (of 579_439)
[2025-03-02 23:20:38 #41 INFO] Found 5 taxonomies with ~1882.8 assets each
[2025-03-02 23:20:38 #41 INFO] The most common taxonomy is RC_LR with 4548 assets
[2025-03-02 23:20:38 #41 INFO] 7124 assets were discarded because too far from the rupture; use `oq show discarded` to show them and `oq plot_assets` to plot them
[2025-03-02 23:20:38 #41 INFO] minimum_asset_loss={'structural': 0}
[2025-03-02 23:20:38 #41 INFO] Storing 1 aggregation keys
[2025-03-02 23:20:38 #41 INFO] Storing 10 events, 10 relevant
[2025-03-02 23:20:38 #41 INFO] Storing risk model
[2025-03-02 23:20:38 #41 INFO] There are 0 ruptures and 10 events
Traceback (most recent call last):
  File "<frozen runpy>", line 198, in _run_module_as_main
  File "<frozen runpy>", line 88, in _run_code
  File "/mnt/beegfs/nragu/tsunami/oq-engine/openquake/engine/engine.py", line 415, in <module>
    run_calc(jobctx)
  File "/mnt/beegfs/nragu/tsunami/oq-engine/openquake/engine/engine.py", line 204, in run_calc
    calc.run(shutdown=True)
  File "/mnt/beegfs/nragu/tsunami/oq-engine/openquake/calculators/base.py", line 293, in run
    raise exc from None
  File "/mnt/beegfs/nragu/tsunami/oq-engine/openquake/calculators/base.py", line 276, in run
    self.pre_execute()
  File "/mnt/beegfs/nragu/tsunami/oq-engine/openquake/calculators/event_based_risk.py", line 384, in pre_execute
    set_oqparam(oq, self.assetcol, self.datastore)
  File "/mnt/beegfs/nragu/tsunami/oq-engine/openquake/calculators/event_based_risk.py", line 297, in set_oqparam
    oq.M = len(oq.all_imts())
               ^^^^^^^^^^^^^
  File "/mnt/beegfs/nragu/tsunami/oq-engine/openquake/commonlib/oqvalidation.py", line 1803, in all_imts
    for m, imt in enumerate(self.get_primary_imtls()):
                            ^^^^^^^^^^^^^^^^^^^^^^^^
  File "/mnt/beegfs/nragu/tsunami/oq-engine/openquake/commonlib/oqvalidation.py", line 1686, in get_primary_imtls
    return {imt: imls for imt, imls in self.imtls.items()
                                       ^^^^^^^^^^
  File "/mnt/beegfs/nragu/tsunami/oq-engine/openquake/commonlib/oqvalidation.py", line 1600, in imtls
    return DictArray(sort_by_imt(imtls)) if imtls else {}
                     ^^^^^^^^^^^^^^^^^^
  File "/mnt/beegfs/nragu/tsunami/oq-engine/openquake/hazardlib/imt.py", line 96, in sort_by_imt
    imts = sorted(imtls, key=lambda imt: from_string(imt).period)
           ^^^^^^^^^^^^^^^^^^^^^^^^^^^^^^^^^^^^^^^^^^^^^^^^^^^^^^
  File "/mnt/beegfs/nragu/tsunami/oq-engine/openquake/hazardlib/imt.py", line 96, in <lambda>
    imts = sorted(imtls, key=lambda imt: from_string(imt).period)
                                         ^^^^^^^^^^^^^^^^
  File "/mnt/beegfs/nragu/tsunami/oq-engine/openquake/hazardlib/imt.py", line 85, in from_string
    return IMT(*imt2tup(imt))
                ^^^^^^^^^^^^
  File "/mnt/beegfs/nragu/tsunami/oq-engine/openquake/hazardlib/imt.py", line 50, in imt2tup
    raise KeyError(name)
KeyError: 'FloodDepth'
WorkerPool on cn03 stopped
stopped ['cn03']
