Starting oq-zworkerpool on cn03
Writing cn03 2 on /mnt/beegfs/tmp.openquake/naveen.raguramalinga/calc_42/hostcores
[2025-03-02 23:31:53 #42 INFO] naveen.raguramalinga@cn03 running /mnt/beegfs/nragu/tsunami/ML4SicilyTsunami/risk/demos/tsunamiebr/job.ini [--hc=None]
[2025-03-02 23:31:53 #42 INFO] Using engine version 3.24.0-git7d162c3
[2025-03-02 23:31:54 #42 WARNING] Using 2 slurm workers
[2025-03-02 23:31:54 #42 INFO] Checksum of the inputs: 486674586 (total size 45.7 MB)
[2025-03-02 23:31:54 #42 INFO] Reading /mnt/beegfs/nragu/tsunami/ML4SicilyTsunami/risk/demos/tsunamiebr/exposure_model.xml
[2025-03-02 23:31:54 #42 INFO] Read 16_538 assets in 0.05s from /mnt/beegfs/nragu/tsunami/ML4SicilyTsunami/risk/demos/tsunamiebr/building_exposure.csv
[2025-03-02 23:31:55 #42 INFO] Inferred exposure mesh in 0.05 seconds
[2025-03-02 23:31:55 #42 INFO] Associated 9_414 assets (of 16_538) to 9_375 sites (of 579_439)
[2025-03-02 23:31:55 #42 INFO] Found 5 taxonomies with ~1882.8 assets each
[2025-03-02 23:31:55 #42 INFO] The most common taxonomy is RC_LR with 4548 assets
[2025-03-02 23:31:55 #42 ERROR] Traceback (most recent call last):
  File "/home/naveen.raguramalinga/opt/src/oq-engine/openquake/engine/engine.py", line 208, in run_calc
    calc.run(shutdown=True)
  File "/home/naveen.raguramalinga/opt/src/oq-engine/openquake/calculators/base.py", line 339, in run
    raise exc from None
  File "/home/naveen.raguramalinga/opt/src/oq-engine/openquake/calculators/base.py", line 325, in run
    self.pre_execute()
  File "/home/naveen.raguramalinga/opt/src/oq-engine/openquake/calculators/event_based_risk.py", line 374, in pre_execute
    super().pre_execute()
  File "/home/naveen.raguramalinga/opt/src/oq-engine/openquake/calculators/base.py", line 674, in pre_execute
    self.read_inputs()
  File "/home/naveen.raguramalinga/opt/src/oq-engine/openquake/calculators/base.py", line 586, in read_inputs
    self._read_risk1()
  File "/home/naveen.raguramalinga/opt/src/oq-engine/openquake/calculators/base.py", line 952, in _read_risk1
    exposure = self.read_exposure(haz_sitecol)
               ^^^^^^^^^^^^^^^^^^^^^^^^^^^^^^^
  File "/home/naveen.raguramalinga/opt/src/oq-engine/openquake/calculators/base.py", line 834, in read_exposure
    raise RuntimeError(
RuntimeError: 7124 assets were discarded; use `oq show discarded` to show them and `oq plot_assets` to plot them

Traceback (most recent call last):
  File "<frozen runpy>", line 198, in _run_module_as_main
  File "<frozen runpy>", line 88, in _run_code
  File "/home/naveen.raguramalinga/opt/src/oq-engine/openquake/engine/engine.py", line 446, in <module>
    run_calc(jobctx)
  File "/home/naveen.raguramalinga/opt/src/oq-engine/openquake/engine/engine.py", line 208, in run_calc
    calc.run(shutdown=True)
  File "/home/naveen.raguramalinga/opt/src/oq-engine/openquake/calculators/base.py", line 339, in run
    raise exc from None
  File "/home/naveen.raguramalinga/opt/src/oq-engine/openquake/calculators/base.py", line 325, in run
    self.pre_execute()
  File "/home/naveen.raguramalinga/opt/src/oq-engine/openquake/calculators/event_based_risk.py", line 374, in pre_execute
    super().pre_execute()
  File "/home/naveen.raguramalinga/opt/src/oq-engine/openquake/calculators/base.py", line 674, in pre_execute
    self.read_inputs()
  File "/home/naveen.raguramalinga/opt/src/oq-engine/openquake/calculators/base.py", line 586, in read_inputs
    self._read_risk1()
  File "/home/naveen.raguramalinga/opt/src/oq-engine/openquake/calculators/base.py", line 952, in _read_risk1
    exposure = self.read_exposure(haz_sitecol)
               ^^^^^^^^^^^^^^^^^^^^^^^^^^^^^^^
  File "/home/naveen.raguramalinga/opt/src/oq-engine/openquake/calculators/base.py", line 834, in read_exposure
    raise RuntimeError(
RuntimeError: 7124 assets were discarded; use `oq show discarded` to show them and `oq plot_assets` to plot them
WorkerPool on cn03 stopped
stopped ['cn03']
