Starting oq-zworkerpool on cn03
Writing cn03 2 on /mnt/beegfs/tmp.openquake/naveen.raguramalinga/calc_44/hostcores
[2025-03-02 23:55:47 #44 INFO] naveen.raguramalinga@cn03 running /mnt/beegfs/nragu/tsunami/ML4SicilyTsunami/risk/demos/tsunamiebr/job.ini [--hc=None]
[2025-03-02 23:55:48 #44 INFO] Using engine version 3.24.0-git7d162c3
[2025-03-02 23:55:49 #44 WARNING] Using 2 slurm workers
[2025-03-02 23:55:49 #44 INFO] Checksum of the inputs: 2210474416 (total size 45.7 MB)
[2025-03-02 23:55:49 #44 ERROR] Traceback (most recent call last):
  File "/home/naveen.raguramalinga/opt/src/oq-engine/openquake/engine/engine.py", line 208, in run_calc
    calc.run(shutdown=True)
  File "/home/naveen.raguramalinga/opt/src/oq-engine/openquake/calculators/base.py", line 339, in run
    raise exc from None
  File "/home/naveen.raguramalinga/opt/src/oq-engine/openquake/calculators/base.py", line 325, in run
    self.pre_execute()
  File "/home/naveen.raguramalinga/opt/src/oq-engine/openquake/calculators/event_based_risk.py", line 374, in pre_execute
    super().pre_execute()
  File "/home/naveen.raguramalinga/opt/src/oq-engine/openquake/calculators/base.py", line 674, in pre_execute
    self.read_inputs()
  File "/home/naveen.raguramalinga/opt/src/oq-engine/openquake/calculators/base.py", line 586, in read_inputs
    self._read_risk1()
  File "/home/naveen.raguramalinga/opt/src/oq-engine/openquake/calculators/base.py", line 937, in _read_risk1
    self.load_crmodel()  # must be called first
    ^^^^^^^^^^^^^^^^^^^
  File "/home/naveen.raguramalinga/opt/src/oq-engine/openquake/calculators/base.py", line 900, in load_crmodel
    self.crmodel = readinput.get_crmodel(oq)
                   ^^^^^^^^^^^^^^^^^^^^^^^^^
  File "/home/naveen.raguramalinga/opt/src/oq-engine/openquake/commonlib/readinput.py", line 1076, in get_crmodel
    crm = riskmodels.CompositeRiskModel(oqparam, risklist, consdict)
          ^^^^^^^^^^^^^^^^^^^^^^^^^^^^^^^^^^^^^^^^^^^^^^^^^^^^^^^^^^
  File "/home/naveen.raguramalinga/opt/src/oq-engine/openquake/risklib/riskmodels.py", line 608, in __init__
    self.init()
  File "/home/naveen.raguramalinga/opt/src/oq-engine/openquake/risklib/riskmodels.py", line 714, in init
    self.perils = oq.set_risk_imts(self.risklist)
                  ^^^^^^^^^^^^^^^^^^^^^^^^^^^^^^^
  File "/home/naveen.raguramalinga/opt/src/oq-engine/openquake/commonlib/oqvalidation.py", line 1698, in set_risk_imts
    self.raise_invalid('you forgot to set secondary_perils =')
  File "/home/naveen.raguramalinga/opt/src/oq-engine/openquake/commonlib/oqvalidation.py", line 1306, in raise_invalid
    raise InvalidFile('%s: %s' % (self.inputs['job_ini'], msg))
openquake.baselib.InvalidFile: /mnt/beegfs/nragu/tsunami/ML4SicilyTsunami/risk/demos/tsunamiebr/job.ini: you forgot to set secondary_perils =

Traceback (most recent call last):
  File "<frozen runpy>", line 198, in _run_module_as_main
  File "<frozen runpy>", line 88, in _run_code
  File "/home/naveen.raguramalinga/opt/src/oq-engine/openquake/engine/engine.py", line 446, in <module>
    run_calc(jobctx)
  File "/home/naveen.raguramalinga/opt/src/oq-engine/openquake/engine/engine.py", line 208, in run_calc
    calc.run(shutdown=True)
  File "/home/naveen.raguramalinga/opt/src/oq-engine/openquake/calculators/base.py", line 339, in run
    raise exc from None
  File "/home/naveen.raguramalinga/opt/src/oq-engine/openquake/calculators/base.py", line 325, in run
    self.pre_execute()
  File "/home/naveen.raguramalinga/opt/src/oq-engine/openquake/calculators/event_based_risk.py", line 374, in pre_execute
    super().pre_execute()
  File "/home/naveen.raguramalinga/opt/src/oq-engine/openquake/calculators/base.py", line 674, in pre_execute
    self.read_inputs()
  File "/home/naveen.raguramalinga/opt/src/oq-engine/openquake/calculators/base.py", line 586, in read_inputs
    self._read_risk1()
  File "/home/naveen.raguramalinga/opt/src/oq-engine/openquake/calculators/base.py", line 937, in _read_risk1
    self.load_crmodel()  # must be called first
    ^^^^^^^^^^^^^^^^^^^
  File "/home/naveen.raguramalinga/opt/src/oq-engine/openquake/calculators/base.py", line 900, in load_crmodel
    self.crmodel = readinput.get_crmodel(oq)
                   ^^^^^^^^^^^^^^^^^^^^^^^^^
  File "/home/naveen.raguramalinga/opt/src/oq-engine/openquake/commonlib/readinput.py", line 1076, in get_crmodel
    crm = riskmodels.CompositeRiskModel(oqparam, risklist, consdict)
          ^^^^^^^^^^^^^^^^^^^^^^^^^^^^^^^^^^^^^^^^^^^^^^^^^^^^^^^^^^
  File "/home/naveen.raguramalinga/opt/src/oq-engine/openquake/risklib/riskmodels.py", line 608, in __init__
    self.init()
  File "/home/naveen.raguramalinga/opt/src/oq-engine/openquake/risklib/riskmodels.py", line 714, in init
    self.perils = oq.set_risk_imts(self.risklist)
                  ^^^^^^^^^^^^^^^^^^^^^^^^^^^^^^^
  File "/home/naveen.raguramalinga/opt/src/oq-engine/openquake/commonlib/oqvalidation.py", line 1698, in set_risk_imts
    self.raise_invalid('you forgot to set secondary_perils =')
  File "/home/naveen.raguramalinga/opt/src/oq-engine/openquake/commonlib/oqvalidation.py", line 1306, in raise_invalid
    raise InvalidFile('%s: %s' % (self.inputs['job_ini'], msg))
openquake.baselib.InvalidFile: /mnt/beegfs/nragu/tsunami/ML4SicilyTsunami/risk/demos/tsunamiebr/job.ini: you forgot to set secondary_perils =
WorkerPool on cn03 stopped
stopped ['cn03']
