Starting oq-zworkerpool on cn07
Writing cn07 2 on /mnt/beegfs/tmp.openquake/naveen.raguramalinga/calc_48/hostcores
[2025-03-03 15:28:44 #48 INFO] naveen.raguramalinga@cn07 running /mnt/beegfs/nragu/tsunami/ML4SicilyTsunami/risk/demos/tsunamiebr_gmf/job.ini [--hc=None]
[2025-03-03 15:28:44 #48 INFO] Using engine version 3.22.0-gitc856ac0
[2025-03-03 15:28:44 #48 WARNING] Version v3.23.0 of the engine is available, but you are still using version 3.22.0-gitc856ac0
[2025-03-03 15:28:45 #48 WARNING] Using 2 slurm workers
[2025-03-03 15:28:46 #48 INFO] Checksum of the inputs: 2282956825 (total size 45.7 MB)
Traceback (most recent call last):
  File "<frozen runpy>", line 198, in _run_module_as_main
  File "<frozen runpy>", line 88, in _run_code
  File "/mnt/beegfs/nragu/tsunami/oq-engine/openquake/engine/engine.py", line 415, in <module>
    run_calc(jobctx)
  File "/mnt/beegfs/nragu/tsunami/oq-engine/openquake/engine/engine.py", line 204, in run_calc
    calc.run(shutdown=True)
  File "/mnt/beegfs/nragu/tsunami/oq-engine/openquake/calculators/base.py", line 293, in run
    raise exc from None
  File "/mnt/beegfs/nragu/tsunami/oq-engine/openquake/calculators/base.py", line 276, in run
    self.pre_execute()
  File "/mnt/beegfs/nragu/tsunami/oq-engine/openquake/calculators/event_based_risk.py", line 373, in pre_execute
    super().pre_execute()
  File "/mnt/beegfs/nragu/tsunami/oq-engine/openquake/calculators/base.py", line 604, in pre_execute
    self.read_inputs()
  File "/mnt/beegfs/nragu/tsunami/oq-engine/openquake/calculators/base.py", line 540, in read_inputs
    self._read_risk1()
  File "/mnt/beegfs/nragu/tsunami/oq-engine/openquake/calculators/base.py", line 866, in _read_risk1
    self.load_crmodel()  # must be called first
    ^^^^^^^^^^^^^^^^^^^
  File "/mnt/beegfs/nragu/tsunami/oq-engine/openquake/calculators/base.py", line 829, in load_crmodel
    self.crmodel = readinput.get_crmodel(oq)
                   ^^^^^^^^^^^^^^^^^^^^^^^^^
  File "/mnt/beegfs/nragu/tsunami/oq-engine/openquake/commonlib/readinput.py", line 1036, in get_crmodel
    crm = riskmodels.CompositeRiskModel(oqparam, risklist, consdict)
          ^^^^^^^^^^^^^^^^^^^^^^^^^^^^^^^^^^^^^^^^^^^^^^^^^^^^^^^^^^
  File "/mnt/beegfs/nragu/tsunami/oq-engine/openquake/risklib/riskmodels.py", line 550, in __init__
    self.init()
  File "/mnt/beegfs/nragu/tsunami/oq-engine/openquake/risklib/riskmodels.py", line 650, in init
    oq.set_risk_imts(self.risklist)
  File "/mnt/beegfs/nragu/tsunami/oq-engine/openquake/commonlib/oqvalidation.py", line 1677, in set_risk_imts
    for imt in self.get_primary_imtls():
               ^^^^^^^^^^^^^^^^^^^^^^^^
  File "/mnt/beegfs/nragu/tsunami/oq-engine/openquake/commonlib/oqvalidation.py", line 1685, in get_primary_imtls
    sec_imts = set(self.sec_imts)
                   ^^^^^^^^^^^^^
  File "/mnt/beegfs/nragu/tsunami/oq-engine/openquake/baselib/general.py", line 118, in newmethod
    val = method(self)
          ^^^^^^^^^^^^
  File "/mnt/beegfs/nragu/tsunami/oq-engine/openquake/commonlib/oqvalidation.py", line 1822, in sec_imts
    for sp in self.get_sec_perils():
              ^^^^^^^^^^^^^^^^^^^^^
  File "/mnt/beegfs/nragu/tsunami/oq-engine/openquake/commonlib/oqvalidation.py", line 1813, in get_sec_perils
    return SecondaryPeril.instantiate(self.secondary_perils,
           ^^^^^^^^^^^^^^^^^^^^^^^^^^^^^^^^^^^^^^^^^^^^^^^^^
  File "/mnt/beegfs/nragu/tsunami/oq-engine/openquake/sep/classes.py", line 96, in instantiate
    c = globals()[clsname]
        ~~~~~~~~~^^^^^^^^^
KeyError: 'tsunami'
WorkerPool on cn07 stopped
stopped ['cn07']
