Starting oq-zworkerpool on cn03
Writing cn03 2 on /mnt/beegfs/tmp.openquake/naveen.raguramalinga/calc_39/hostcores
[2025-03-02 22:52:34 #39 INFO] naveen.raguramalinga@cn03 running /mnt/beegfs/nragu/tsunami/ML4SicilyTsunami/risk/demos/tsunamiscenario/job_csv.ini [--hc=None]
[2025-03-02 22:52:34 #39 INFO] Using engine version 3.22.0-gitc856ac0
[2025-03-02 22:52:35 #39 WARNING] Version v3.23.0 of the engine is available, but you are still using version 3.22.0-gitc856ac0
[2025-03-02 22:52:36 #39 WARNING] Using 2 slurm workers
[2025-03-02 22:52:36 #39 INFO] Checksum of the inputs: 2183496850 (total size 19.48 MB)
[2025-03-02 22:52:36 #39 INFO] Reading /mnt/beegfs/nragu/tsunami/ML4SicilyTsunami/risk/demos/tsunamiscenario/exposure_model.xml
[2025-03-02 22:52:36 #39 INFO] Read 16_538 assets in 0.05s from /mnt/beegfs/nragu/tsunami/ML4SicilyTsunami/risk/demos/tsunamiscenario/building_exposure.csv
[2025-03-02 22:52:36 #39 INFO] Inferred exposure mesh in 0.05 seconds
[2025-03-02 22:52:36 #39 INFO] Extracting the hazard sites from the site model
[2025-03-02 22:52:45 #39 ERROR] geohashes are not unique
[2025-03-02 22:52:45 #39 INFO] Associated 9_396 assets (of 16_538) to 9_357 sites (of 581_665)
[2025-03-02 22:52:45 #39 INFO] Found 5 taxonomies with ~1879.2 assets each
[2025-03-02 22:52:45 #39 INFO] The most common taxonomy is RC_LR with 4550 assets
[2025-03-02 22:52:46 #39 INFO] 7142 assets were discarded because too far from the rupture; use `oq show discarded` to show them and `oq plot_assets` to plot them
[2025-03-02 22:52:46 #39 INFO] minimum_asset_loss={'structural': 0}
[2025-03-02 22:52:46 #39 INFO] Storing 1 events, all relevant
[2025-03-02 22:54:53 #39 INFO] Storing risk model
[2025-03-02 22:54:53 #39 INFO] There are 0 ruptures and 1 events
[2025-03-02 22:54:53 #39 INFO] Reading event weights
[2025-03-02 22:54:53 #39 INFO] maxw = 587
[2025-03-02 22:54:57 #39 WARNING] Sent 1 ebr_from_gmfs tasks, 2.22 KB
[2025-03-02 22:55:00 #39 INFO] ebr_from_gmfs 100% [1 submitted, 0 queued]
[2025-03-02 22:55:00 #39 INFO] Received 1 * 222.01 KB in 3 seconds [unpik=0.00s] from ebr_from_gmfs
{'avg': '221.01 KB', 'alt': '909 B', 'gmf_bytes': '116 B'}
[2025-03-02 22:55:00 #39 INFO] Storing avg_losses-rlzs/structural
[2025-03-02 22:55:00 #39 INFO] Running PostRiskCalculator with concurrent_tasks = 16
[2025-03-02 22:55:00 #39 INFO] Aggregating by []
[2025-03-02 22:55:00 #39 INFO] Building aggrisk from 17 B of risk_by_event
[2025-03-02 22:55:00 #39 INFO] Performing 1 aggregations
[2025-03-02 22:55:00 #39 INFO] Sanity check on avg_losses and aggrisk
[2025-03-02 22:55:00 #39 INFO] Exposing the outputs to the database
[2025-03-02 22:55:00 #39 INFO]   id | name
 175 | Aggregate Risk
 181 | Aggregated Risk By Event
 177 | Average Asset Losses
 178 | Events
 176 | Exposure CSV
 179 | Full Report
 180 | Ground Motion Fields
 182 | site_model
[2025-03-02 22:55:00 #39 INFO] Stored 47.09 MB on /home/naveen.raguramalinga/oqdata/calc_39.hdf5 in 144 seconds
WorkerPool on cn03 stopped
stopped ['cn03']
